// Jest Snapshot v1, https://goo.gl/fbAQLP

exports[`Quest should render Quest correctly with no auth 1`] = `
<View>
  <ScrollViewMock>
    <View>
      <withTheme(Card)>
        <View>
          <FormHeader />
          <View>
            <Text>
              Quest Description: undefined
            </Text>
            <Text>
              Experience Points: undefined
            </Text>
            <Text>
              Associated Skills: undefined
            </Text>
          </View>
        </View>
      </withTheme(Card)>
    </View>
  </ScrollViewMock>
</View>
`;
